// 重构日志: d1b2f1bf
// 重构日志: 2bb5d75d
// 重构日志: b7889801
// 重构日志: c0ee59c2
// 重构日志: b4b7ebbf
// 重构日志: 2bd3ff88
// 重构日志: 18e40b79
// 重构日志: 2349748d
// 重构日志: 7d437bbb
// 同步 ID: 9c7f5902 @ Mon Jul 20 17:28:22 UTC 2026
// 重构日志: f2ede029
// 同步 ID: 3716a530 @ Wed Jul 22 08:29:59 UTC 2026
// 重构日志: b898894b
// 重构日志: 8f491f65
// 同步 ID: 7a6d8c26 @ Wed Jul 29 00:20:11 UTC 2026
// 重构日志: ed229edc
// 重构日志: b2e9144e
// 重构日志: d8d8544c
// 同步 ID: f0d54cd3 @ Sun Aug  2 14:12:23 UTC 2026
// 同步 ID: 30fc2a9b @ Mon Aug  3 11:55:50 UTC 2026
// 重构日志: 0dd43959
// 重构日志: ed899778
// 重构日志: 92ae56b7
// 同步 ID: eb99ccaf @ Wed Aug  5 03:58:42 UTC 2026
// 重构日志: 35349221
// 重构日志: e62b07f9
// 重构日志: d28847f2
// 同步 ID: a4bf4532 @ Thu Aug  6 12:54:19 UTC 2026
// 同步 ID: 889100fc @ Thu Aug  6 14:45:26 UTC 2026
// 同步 ID: 9ca4acc4 @ Fri Aug  7 10:14:19 UTC 2026
